---
http_interactions:
- request:
    method: post
    uri: "<API_ENDPOINT>/groups"
    body:
      encoding: UTF-8
      string: '{"group":{"title":"Awesome","descript":"My really awesome group"}}'
    headers:
      User-Agent:
      - ActiveCampaign Ruby Client (v3.0.0)
      Accept:
      - application/json
      Content-Type:
      - application/json
      Api-Token:
      - "<API_KEY>"
      Accept-Encoding:
      - gzip;q=1.0,deflate;q=0.6,identity;q=0.3
  response:
    status:
      code: 201
      message: Created
    headers:
      Date:
      - Sat, 23 May 2020 14:21:51 GMT
      Content-Type:
      - application/json
      Content-Length:
      - '720'
      Connection:
      - keep-alive
      Set-Cookie:
      - PHPSESSID=104eeb22b31533217e2625f4fb5b1c2f; path=/; HttpOnly
      - __cfduid=dc4566cc1770391a582f632f1836089661590243711; expires=Mon, 22-Jun-20
        14:21:51 GMT; path=/; domain=.api-us1.com; HttpOnly; SameSite=Lax
      - em_acp_globalauth_cookie=2966970d-f680-4dc0-8054-cb4cd13af751; path=/; domain=.mhenrixonconsulting1570091019.api-us1.com;
        secure; httponly
      - em_acp_globalauth_cookie=deleted; expires=Thu, 01-Jan-1970 00:00:01 GMT; Max-Age=0;
        path=/; domain=.mhenrixonconsulting1570091019.api-us1.com
      - em_acp_globalauth_cookie=deleted; expires=Thu, 01-Jan-1970 00:00:01 GMT; Max-Age=0;
        path=/; domain=.mhenrixonconsulting1570091019.api-us1.com
      Cache-Control:
      - no-store, no-cache, must-revalidate
      Expires:
      - Thu, 19 Nov 1981 08:52:00 GMT
      Pragma:
      - no-cache
      X-Envoy-Upstream-Service-Time:
      - '75'
      X-Request-Id:
      - 8056aff8-54cd-4077-936f-d400ef78ee6a
      Cf-Cache-Status:
      - DYNAMIC
      Expect-Ct:
      - max-age=604800, report-uri="https://report-uri.cloudflare.com/cdn-cgi/beacon/expect-ct"
      Server:
      - cloudflare
      Cf-Ray:
      - 597f6cfc8be72d93-TXL
      Cf-Request-Id:
      - 02e38271d000002d93a30a0200000001
    body:
      encoding: UTF-8
      string: '{"group":{"title":"Awesome","descript":"My really awesome group","p_admin":1,"links":{"userGroups":"https:\/\/mhenrixonconsulting1570091019.api-us1.com\/api\/3\/groups\/42\/userGroups","groupLimit":"https:\/\/mhenrixonconsulting1570091019.api-us1.com\/api\/3\/groups\/42\/groupLimit","dealGroupGroups":"https:\/\/mhenrixonconsulting1570091019.api-us1.com\/api\/3\/groups\/42\/dealGroupGroups","listGroups":"https:\/\/mhenrixonconsulting1570091019.api-us1.com\/api\/3\/groups\/42\/listGroups","addressGroups":"https:\/\/mhenrixonconsulting1570091019.api-us1.com\/api\/3\/groups\/42\/addressGroups","automationGroups":"https:\/\/mhenrixonconsulting1570091019.api-us1.com\/api\/3\/groups\/42\/automationGroups"},"id":"42"}}'
    http_version: null
  recorded_at: Sat, 23 May 2020 14:21:51 GMT
- request:
    method: post
    uri: "<API_ENDPOINT>/users"
    body:
      encoding: UTF-8
      string: '{"user":{"username":"hokus","email":"hokus@pokus.de","firstName":"Hokus","lastName":"Pokus","group":"42","password":"hokuspokus"}}'
    headers:
      User-Agent:
      - ActiveCampaign Ruby Client (v3.0.0)
      Accept:
      - application/json
      Content-Type:
      - application/json
      Api-Token:
      - "<API_KEY>"
      Accept-Encoding:
      - gzip;q=1.0,deflate;q=0.6,identity;q=0.3
  response:
    status:
      code: 201
      message: Created
    headers:
      Date:
      - Sat, 23 May 2020 14:21:52 GMT
      Content-Type:
      - application/json
      Content-Length:
      - '1038'
      Connection:
      - keep-alive
      Set-Cookie:
      - PHPSESSID=10842c58bf5e7ac552e7da50e04bf47c; path=/; HttpOnly
      - __cfduid=d9dd3376c38a1427b64dfce6e4372e0821590243711; expires=Mon, 22-Jun-20
        14:21:51 GMT; path=/; domain=.api-us1.com; HttpOnly; SameSite=Lax
      - em_acp_globalauth_cookie=462c4815-831e-4f89-8038-4c7a610f9edb; path=/; domain=.mhenrixonconsulting1570091019.api-us1.com;
        secure; httponly
      - em_acp_globalauth_cookie=deleted; expires=Thu, 01-Jan-1970 00:00:01 GMT; Max-Age=0;
        path=/; domain=.mhenrixonconsulting1570091019.api-us1.com
      - em_acp_globalauth_cookie=deleted; expires=Thu, 01-Jan-1970 00:00:01 GMT; Max-Age=0;
        path=/; domain=.mhenrixonconsulting1570091019.api-us1.com
      Cache-Control:
      - no-store, no-cache, must-revalidate
      Expires:
      - Thu, 19 Nov 1981 08:52:00 GMT
      Pragma:
      - no-cache
      X-Envoy-Upstream-Service-Time:
      - '373'
      X-Request-Id:
      - 16889538-50fd-4aec-a166-110e8e6b6fa3
      Cf-Cache-Status:
      - DYNAMIC
      Expect-Ct:
      - max-age=604800, report-uri="https://report-uri.cloudflare.com/cdn-cgi/beacon/expect-ct"
      Server:
      - cloudflare
      Cf-Ray:
      - 597f6cffcfd1d125-TXL
      Cf-Request-Id:
      - 02e38273dd0000d125ea288200000001
    body:
      encoding: UTF-8
      string: '{"user":{"username":"hokus","email":"hokus@pokus.de","firstName":"Hokus","lastName":"Pokus","localZoneid":"Europe\/Berlin","cdate":"2020-05-23T09:21:52-05:00","udate":"2020-05-23T09:21:52-05:00","links":{"lists":"https:\/\/mhenrixonconsulting1570091019.api-us1.com\/api\/3\/users\/19\/lists","userGroup":"https:\/\/mhenrixonconsulting1570091019.api-us1.com\/api\/3\/users\/19\/userGroup","dealGroupTotals":"https:\/\/mhenrixonconsulting1570091019.api-us1.com\/api\/3\/users\/19\/dealGroupTotals","dealGroupUsers":"https:\/\/mhenrixonconsulting1570091019.api-us1.com\/api\/3\/users\/19\/dealGroupUsers","configs":"https:\/\/mhenrixonconsulting1570091019.api-us1.com\/api\/3\/users\/19\/configs","dealConnection":"https:\/\/mhenrixonconsulting1570091019.api-us1.com\/api\/3\/users\/19\/dealConnection","userConversationsPermission":"https:\/\/mhenrixonconsulting1570091019.api-us1.com\/api\/3\/users\/19\/userConversationsPermission","seatUser":"https:\/\/mhenrixonconsulting1570091019.api-us1.com\/api\/3\/users\/19\/seatUser"},"id":"19"}}'
    http_version: null
  recorded_at: Sat, 23 May 2020 14:21:52 GMT
- request:
    method: post
    uri: "<API_ENDPOINT>/dealGroups"
    body:
      encoding: UTF-8
      string: '{"dealGroup":{"title":"Bogus Pipeline","currency":"eur","allgroups":1,"allusers":1,"autoassign":1,"users":["19"],"groups":["42"]}}'
    headers:
      User-Agent:
      - ActiveCampaign Ruby Client (v3.0.0)
      Accept:
      - application/json
      Content-Type:
      - application/json
      Api-Token:
      - "<API_KEY>"
      Accept-Encoding:
      - gzip;q=1.0,deflate;q=0.6,identity;q=0.3
  response:
    status:
      code: 201
      message: Created
    headers:
      Date:
      - Sat, 23 May 2020 14:21:53 GMT
      Content-Type:
      - application/json
      Content-Length:
      - '2475'
      Connection:
      - keep-alive
      Set-Cookie:
      - PHPSESSID=1c2a7cb8bebfedb13c6037793c6f1534; path=/; HttpOnly
      - __cfduid=d9a7f8fedceaa986ca9bc111f5cc168751590243712; expires=Mon, 22-Jun-20
        14:21:52 GMT; path=/; domain=.api-us1.com; HttpOnly; SameSite=Lax
      - em_acp_globalauth_cookie=1d3f39ef-9cc7-4d8e-9e5c-e5796278f096; path=/; domain=.mhenrixonconsulting1570091019.api-us1.com;
        secure; httponly
      - em_acp_globalauth_cookie=deleted; expires=Thu, 01-Jan-1970 00:00:01 GMT; Max-Age=0;
        path=/; domain=.mhenrixonconsulting1570091019.api-us1.com
      - em_acp_globalauth_cookie=deleted; expires=Thu, 01-Jan-1970 00:00:01 GMT; Max-Age=0;
        path=/; domain=.mhenrixonconsulting1570091019.api-us1.com
      Cache-Control:
      - no-store, no-cache, must-revalidate
      Expires:
      - Thu, 19 Nov 1981 08:52:00 GMT
      Pragma:
      - no-cache
      X-Envoy-Upstream-Service-Time:
      - '196'
      X-Request-Id:
      - 9d4eb9e9-a42c-44e3-97ac-a26f21b33afc
      Cf-Cache-Status:
      - DYNAMIC
      Expect-Ct:
      - max-age=604800, report-uri="https://report-uri.cloudflare.com/cdn-cgi/beacon/expect-ct"
      Server:
      - cloudflare
      Cf-Ray:
      - 597f6d051de7d10d-TXL
      Cf-Request-Id:
      - 02e382772d0000d10d548bc200000001
    body:
      encoding: UTF-8
      string: '{"dealStages":[{"group":"1","title":"To Contact","color":"18D499","order":"1","width":"280","dealOrder":"next-action
        DESC","cardRegion1":"title","cardRegion2":"next-action","cardRegion3":"show-avatar","cardRegion4":"contact-fullname-acctname","cardRegion5":"value","cdate":null,"udate":null,"links":{"group":"https:\/\/mhenrixonconsulting1570091019.api-us1.com\/api\/3\/dealStages\/1\/group"},"id":"1"},{"group":"1","title":"In
        Contact","color":"32B0FC","order":"2","width":"280","dealOrder":"next-action
        DESC","cardRegion1":"title","cardRegion2":"next-action","cardRegion3":"show-avatar","cardRegion4":"contact-fullname-acctname","cardRegion5":"value","cdate":null,"udate":null,"links":{"group":"https:\/\/mhenrixonconsulting1570091019.api-us1.com\/api\/3\/dealStages\/2\/group"},"id":"2"},{"group":"1","title":"Follow
        Up","color":"E6CE4B","order":"3","width":"280","dealOrder":"next-action DESC","cardRegion1":"title","cardRegion2":"next-action","cardRegion3":"show-avatar","cardRegion4":"contact-fullname-acctname","cardRegion5":"value","cdate":null,"udate":null,"links":{"group":"https:\/\/mhenrixonconsulting1570091019.api-us1.com\/api\/3\/dealStages\/3\/group"},"id":"3"}],"dealGroupUsers":[{"dealGroup":"1","user":"19","cdate":null,"links":{"dealGroup":"https:\/\/mhenrixonconsulting1570091019.api-us1.com\/api\/3\/dealGroupUsers\/2\/dealGroup","user":"https:\/\/mhenrixonconsulting1570091019.api-us1.com\/api\/3\/dealGroupUsers\/2\/user"},"id":"2"}],"dealGroupGroups":[{"d_groupid":"1","groupid":"42","cdate":null,"links":{"dealGroup":"https:\/\/mhenrixonconsulting1570091019.api-us1.com\/api\/3\/dealGroupGroups\/1\/dealGroup","group":"https:\/\/mhenrixonconsulting1570091019.api-us1.com\/api\/3\/dealGroupGroups\/1\/group"},"id":"1","dealGroup":"1","group":"42"}],"dealGroup":{"title":"Bogus
        Pipeline","currency":"eur","allgroups":1,"allusers":1,"autoassign":1,"cdate":"2020-05-23T09:21:52-05:00","udate":"2020-05-23T09:21:52-05:00","links":{"stages":"https:\/\/mhenrixonconsulting1570091019.api-us1.com\/api\/3\/dealGroups\/1\/stages","dealGroupUsers":"https:\/\/mhenrixonconsulting1570091019.api-us1.com\/api\/3\/dealGroups\/1\/dealGroupUsers","dealGroupGroups":"https:\/\/mhenrixonconsulting1570091019.api-us1.com\/api\/3\/dealGroups\/1\/dealGroupGroups","winProbabilityFeatures":"https:\/\/mhenrixonconsulting1570091019.api-us1.com\/api\/3\/dealGroups\/1\/winProbabilityFeatures"},"stages":["1","2","3"],"dealGroupUsers":["2"],"dealGroupGroups":["1"],"id":"1"}}'
    http_version: null
  recorded_at: Sat, 23 May 2020 14:21:53 GMT
- request:
    method: delete
    uri: "<API_ENDPOINT>/dealGroups/"
    body:
      encoding: US-ASCII
      string: ''
    headers:
      User-Agent:
      - ActiveCampaign Ruby Client (v3.0.0)
      Accept:
      - application/json
      Content-Type:
      - application/json
      Api-Token:
      - "<API_KEY>"
      Accept-Encoding:
      - gzip;q=1.0,deflate;q=0.6,identity;q=0.3
  response:
    status:
      code: 404
      message: Not Found
    headers:
      Date:
      - Sat, 23 May 2020 14:21:53 GMT
      Content-Type:
      - application/json
      Transfer-Encoding:
      - chunked
      Connection:
      - keep-alive
      Set-Cookie:
      - PHPSESSID=779ff6c01ebfe0c059ca9838321ebcd9; path=/; HttpOnly
      - __cfduid=debdb5156c5245cf88ef3b87efa2d211c1590243713; expires=Mon, 22-Jun-20
        14:21:53 GMT; path=/; domain=.api-us1.com; HttpOnly; SameSite=Lax
      - em_acp_globalauth_cookie=34b96813-29c7-4f6e-ab9e-455eabd66589; path=/; domain=.mhenrixonconsulting1570091019.api-us1.com;
        secure; httponly
      - em_acp_globalauth_cookie=deleted; expires=Thu, 01-Jan-1970 00:00:01 GMT; Max-Age=0;
        path=/; domain=.mhenrixonconsulting1570091019.api-us1.com
      - em_acp_globalauth_cookie=deleted; expires=Thu, 01-Jan-1970 00:00:01 GMT; Max-Age=0;
        path=/; domain=.mhenrixonconsulting1570091019.api-us1.com
      Cache-Control:
      - no-store, no-cache, must-revalidate
      Expires:
      - Thu, 19 Nov 1981 08:52:00 GMT
      Pragma:
      - no-cache
      X-Envoy-Upstream-Service-Time:
      - '81'
      X-Request-Id:
      - 8c382265-c463-4008-9a13-c8b9f7fb64ef
      Cf-Cache-Status:
      - DYNAMIC
      Expect-Ct:
      - max-age=604800, report-uri="https://report-uri.cloudflare.com/cdn-cgi/beacon/expect-ct"
      Server:
      - cloudflare
      Cf-Ray:
      - 597f6d098f0cd10d-TXL
      Cf-Request-Id:
      - 02e38279f30000d10d4abe8200000001
    body:
      encoding: ASCII-8BIT
      string: '{"message":"No Result found for DealGroup with id 0"}'
    http_version: null
  recorded_at: Sat, 23 May 2020 14:21:53 GMT
- request:
    method: delete
    uri: "<API_ENDPOINT>/users/19"
    body:
      encoding: US-ASCII
      string: ''
    headers:
      User-Agent:
      - ActiveCampaign Ruby Client (v3.0.0)
      Accept:
      - application/json
      Content-Type:
      - application/json
      Api-Token:
      - "<API_KEY>"
      Accept-Encoding:
      - gzip;q=1.0,deflate;q=0.6,identity;q=0.3
  response:
    status:
      code: 200
      message: OK
    headers:
      Date:
      - Sat, 23 May 2020 14:21:54 GMT
      Content-Type:
      - application/json
      Content-Length:
      - '2'
      Connection:
      - keep-alive
      Set-Cookie:
      - PHPSESSID=c82f9d5562a53a5ed2c3241657d77d7f; path=/; HttpOnly
      - __cfduid=d9d8fc1e8862bd9170573a497e3ecf8491590243714; expires=Mon, 22-Jun-20
        14:21:54 GMT; path=/; domain=.api-us1.com; HttpOnly; SameSite=Lax
      - em_acp_globalauth_cookie=aff8b8e3-5c93-4cc2-8b4a-5d308a2d0f5c; path=/; domain=.mhenrixonconsulting1570091019.api-us1.com;
        secure; httponly
      - em_acp_globalauth_cookie=deleted; expires=Thu, 01-Jan-1970 00:00:01 GMT; Max-Age=0;
        path=/; domain=.mhenrixonconsulting1570091019.api-us1.com
      - em_acp_globalauth_cookie=deleted; expires=Thu, 01-Jan-1970 00:00:01 GMT; Max-Age=0;
        path=/; domain=.mhenrixonconsulting1570091019.api-us1.com
      Cache-Control:
      - no-store, no-cache, must-revalidate
      Expires:
      - Thu, 19 Nov 1981 08:52:00 GMT
      Pragma:
      - no-cache
      X-Envoy-Upstream-Service-Time:
      - '291'
      X-Request-Id:
      - 34b0fbf7-8cb8-46cf-b347-994c0f6b718d
      Cf-Cache-Status:
      - DYNAMIC
      Expect-Ct:
      - max-age=604800, report-uri="https://report-uri.cloudflare.com/cdn-cgi/beacon/expect-ct"
      Server:
      - cloudflare
      Cf-Ray:
      - 597f6d0d8eb1d10d-TXL
      Cf-Request-Id:
      - 02e3827c790000d10d46af2200000001
    body:
      encoding: UTF-8
      string: "{}"
    http_version: null
  recorded_at: Sat, 23 May 2020 14:21:54 GMT
- request:
    method: delete
    uri: "<API_ENDPOINT>/groups/42"
    body:
      encoding: US-ASCII
      string: ''
    headers:
      User-Agent:
      - ActiveCampaign Ruby Client (v3.0.0)
      Accept:
      - application/json
      Content-Type:
      - application/json
      Api-Token:
      - "<API_KEY>"
      Accept-Encoding:
      - gzip;q=1.0,deflate;q=0.6,identity;q=0.3
  response:
    status:
      code: 200
      message: OK
    headers:
      Date:
      - Sat, 23 May 2020 14:21:55 GMT
      Content-Type:
      - application/json
      Content-Length:
      - '2'
      Connection:
      - keep-alive
      Set-Cookie:
      - PHPSESSID=b8b3f0902427cec5a21fd454a2829394; path=/; HttpOnly
      - __cfduid=ded7bca4b6858845a75cf99a61cb7714b1590243715; expires=Mon, 22-Jun-20
        14:21:55 GMT; path=/; domain=.api-us1.com; HttpOnly; SameSite=Lax
      - em_acp_globalauth_cookie=3c1fcd13-5a8c-484d-9aef-e0de5a3c48eb; path=/; domain=.mhenrixonconsulting1570091019.api-us1.com;
        secure; httponly
      - em_acp_globalauth_cookie=deleted; expires=Thu, 01-Jan-1970 00:00:01 GMT; Max-Age=0;
        path=/; domain=.mhenrixonconsulting1570091019.api-us1.com
      - em_acp_globalauth_cookie=deleted; expires=Thu, 01-Jan-1970 00:00:01 GMT; Max-Age=0;
        path=/; domain=.mhenrixonconsulting1570091019.api-us1.com
      Cache-Control:
      - no-store, no-cache, must-revalidate
      Expires:
      - Thu, 19 Nov 1981 08:52:00 GMT
      Pragma:
      - no-cache
      X-Envoy-Upstream-Service-Time:
      - '77'
      X-Request-Id:
      - b3efbaa6-f775-4a4a-ab75-eed6e6651bc5
      Accept-Ranges:
      - bytes
      Cf-Cache-Status:
      - DYNAMIC
      Expect-Ct:
      - max-age=604800, report-uri="https://report-uri.cloudflare.com/cdn-cgi/beacon/expect-ct"
      Server:
      - cloudflare
      Cf-Ray:
      - 597f6d12ecf32d8d-TXL
      Cf-Request-Id:
      - 02e3827fd000002d8da40e0200000001
    body:
      encoding: UTF-8
      string: "{}"
    http_version: null
  recorded_at: Sat, 23 May 2020 14:21:55 GMT
recorded_with: VCR 5.1.0
