---
http_interactions:
- request:
    method: post
    uri: "<API_ENDPOINT>/groups"
    body:
      encoding: UTF-8
      string: '{"group":{"title":"Awesome","descript":"My really awesome group"}}'
    headers:
      User-Agent:
      - ActiveCampaign Ruby Client (v3.0.0)
      Accept:
      - application/json
      Content-Type:
      - application/json
      Api-Token:
      - "<API_KEY>"
      Accept-Encoding:
      - gzip;q=1.0,deflate;q=0.6,identity;q=0.3
  response:
    status:
      code: 201
      message: Created
    headers:
      Date:
      - Sat, 23 May 2020 14:56:38 GMT
      Content-Type:
      - application/json
      Content-Length:
      - '720'
      Connection:
      - keep-alive
      Set-Cookie:
      - PHPSESSID=59e73edbe941a322759741a21df3d209; path=/; HttpOnly
      - __cfduid=dbb6886cae62d940144aa0c7ab773e5191590245798; expires=Mon, 22-Jun-20
        14:56:38 GMT; path=/; domain=.api-us1.com; HttpOnly; SameSite=Lax
      - em_acp_globalauth_cookie=c8dfffeb-0b34-45c5-a7e4-6fdabb945208; path=/; domain=.mhenrixonconsulting1570091019.api-us1.com;
        secure; httponly
      - em_acp_globalauth_cookie=deleted; expires=Thu, 01-Jan-1970 00:00:01 GMT; Max-Age=0;
        path=/; domain=.mhenrixonconsulting1570091019.api-us1.com
      - em_acp_globalauth_cookie=deleted; expires=Thu, 01-Jan-1970 00:00:01 GMT; Max-Age=0;
        path=/; domain=.mhenrixonconsulting1570091019.api-us1.com
      Cache-Control:
      - no-store, no-cache, must-revalidate
      Expires:
      - Thu, 19 Nov 1981 08:52:00 GMT
      Pragma:
      - no-cache
      X-Envoy-Upstream-Service-Time:
      - '110'
      X-Request-Id:
      - 9961134b-6654-4b02-826c-3b4f7fe9d52c
      Cf-Cache-Status:
      - DYNAMIC
      Expect-Ct:
      - max-age=604800, report-uri="https://report-uri.cloudflare.com/cdn-cgi/beacon/expect-ct"
      Server:
      - cloudflare
      Cf-Ray:
      - 597f9ff19cbad121-TXL
      Cf-Request-Id:
      - 02e3a24b000000d121af27f200000001
    body:
      encoding: UTF-8
      string: '{"group":{"title":"Awesome","descript":"My really awesome group","p_admin":1,"links":{"userGroups":"https:\/\/mhenrixonconsulting1570091019.api-us1.com\/api\/3\/groups\/58\/userGroups","groupLimit":"https:\/\/mhenrixonconsulting1570091019.api-us1.com\/api\/3\/groups\/58\/groupLimit","dealGroupGroups":"https:\/\/mhenrixonconsulting1570091019.api-us1.com\/api\/3\/groups\/58\/dealGroupGroups","listGroups":"https:\/\/mhenrixonconsulting1570091019.api-us1.com\/api\/3\/groups\/58\/listGroups","addressGroups":"https:\/\/mhenrixonconsulting1570091019.api-us1.com\/api\/3\/groups\/58\/addressGroups","automationGroups":"https:\/\/mhenrixonconsulting1570091019.api-us1.com\/api\/3\/groups\/58\/automationGroups"},"id":"58"}}'
    http_version: null
  recorded_at: Sat, 23 May 2020 14:56:38 GMT
- request:
    method: post
    uri: "<API_ENDPOINT>/users"
    body:
      encoding: UTF-8
      string: '{"user":{"username":"hokus","email":"hokus@pokus.de","firstName":"Hokus","lastName":"Pokus","group":"58","password":"hokuspokus"}}'
    headers:
      User-Agent:
      - ActiveCampaign Ruby Client (v3.0.0)
      Accept:
      - application/json
      Content-Type:
      - application/json
      Api-Token:
      - "<API_KEY>"
      Accept-Encoding:
      - gzip;q=1.0,deflate;q=0.6,identity;q=0.3
  response:
    status:
      code: 201
      message: Created
    headers:
      Date:
      - Sat, 23 May 2020 14:56:39 GMT
      Content-Type:
      - application/json
      Content-Length:
      - '1038'
      Connection:
      - keep-alive
      Set-Cookie:
      - PHPSESSID=731aa532595067bce000939d818e1d1e; path=/; HttpOnly
      - __cfduid=d6b3e43e0a9218ce330a61c7a9524a9381590245799; expires=Mon, 22-Jun-20
        14:56:39 GMT; path=/; domain=.api-us1.com; HttpOnly; SameSite=Lax
      - em_acp_globalauth_cookie=84f7288f-53d0-480d-b751-73c4dca5750c; path=/; domain=.mhenrixonconsulting1570091019.api-us1.com;
        secure; httponly
      - em_acp_globalauth_cookie=deleted; expires=Thu, 01-Jan-1970 00:00:01 GMT; Max-Age=0;
        path=/; domain=.mhenrixonconsulting1570091019.api-us1.com
      - em_acp_globalauth_cookie=deleted; expires=Thu, 01-Jan-1970 00:00:01 GMT; Max-Age=0;
        path=/; domain=.mhenrixonconsulting1570091019.api-us1.com
      Cache-Control:
      - no-store, no-cache, must-revalidate
      Expires:
      - Thu, 19 Nov 1981 08:52:00 GMT
      Pragma:
      - no-cache
      X-Envoy-Upstream-Service-Time:
      - '283'
      X-Request-Id:
      - 79325368-ff79-412d-8a71-62c52960ce08
      Cf-Cache-Status:
      - DYNAMIC
      Expect-Ct:
      - max-age=604800, report-uri="https://report-uri.cloudflare.com/cdn-cgi/beacon/expect-ct"
      Server:
      - cloudflare
      Cf-Ray:
      - 597f9ff4e8222d45-TXL
      Cf-Request-Id:
      - 02e3a24d1100002d450bbaa200000001
    body:
      encoding: UTF-8
      string: '{"user":{"username":"hokus","email":"hokus@pokus.de","firstName":"Hokus","lastName":"Pokus","localZoneid":"Europe\/Berlin","cdate":"2020-05-23T09:56:39-05:00","udate":"2020-05-23T09:56:39-05:00","links":{"lists":"https:\/\/mhenrixonconsulting1570091019.api-us1.com\/api\/3\/users\/32\/lists","userGroup":"https:\/\/mhenrixonconsulting1570091019.api-us1.com\/api\/3\/users\/32\/userGroup","dealGroupTotals":"https:\/\/mhenrixonconsulting1570091019.api-us1.com\/api\/3\/users\/32\/dealGroupTotals","dealGroupUsers":"https:\/\/mhenrixonconsulting1570091019.api-us1.com\/api\/3\/users\/32\/dealGroupUsers","configs":"https:\/\/mhenrixonconsulting1570091019.api-us1.com\/api\/3\/users\/32\/configs","dealConnection":"https:\/\/mhenrixonconsulting1570091019.api-us1.com\/api\/3\/users\/32\/dealConnection","userConversationsPermission":"https:\/\/mhenrixonconsulting1570091019.api-us1.com\/api\/3\/users\/32\/userConversationsPermission","seatUser":"https:\/\/mhenrixonconsulting1570091019.api-us1.com\/api\/3\/users\/32\/seatUser"},"id":"32"}}'
    http_version: null
  recorded_at: Sat, 23 May 2020 14:56:39 GMT
- request:
    method: post
    uri: "<API_ENDPOINT>/dealGroups"
    body:
      encoding: UTF-8
      string: '{"dealGroup":{"title":"Bogus Pipeline","currency":"eur","allgroups":1,"allusers":1,"autoassign":1,"users":["32"],"groups":["58"]}}'
    headers:
      User-Agent:
      - ActiveCampaign Ruby Client (v3.0.0)
      Accept:
      - application/json
      Content-Type:
      - application/json
      Api-Token:
      - "<API_KEY>"
      Accept-Encoding:
      - gzip;q=1.0,deflate;q=0.6,identity;q=0.3
  response:
    status:
      code: 201
      message: Created
    headers:
      Date:
      - Sat, 23 May 2020 14:56:40 GMT
      Content-Type:
      - application/json
      Content-Length:
      - '2503'
      Connection:
      - keep-alive
      Set-Cookie:
      - PHPSESSID=e73b2d13a78a9e84a7a33c6e6f83a108; path=/; HttpOnly
      - __cfduid=da3967fd9b7098fcfc454b6093f8e46941590245800; expires=Mon, 22-Jun-20
        14:56:40 GMT; path=/; domain=.api-us1.com; HttpOnly; SameSite=Lax
      - em_acp_globalauth_cookie=7424163c-23e1-4ffc-8725-0ef328385722; path=/; domain=.mhenrixonconsulting1570091019.api-us1.com;
        secure; httponly
      - em_acp_globalauth_cookie=deleted; expires=Thu, 01-Jan-1970 00:00:01 GMT; Max-Age=0;
        path=/; domain=.mhenrixonconsulting1570091019.api-us1.com
      - em_acp_globalauth_cookie=deleted; expires=Thu, 01-Jan-1970 00:00:01 GMT; Max-Age=0;
        path=/; domain=.mhenrixonconsulting1570091019.api-us1.com
      Cache-Control:
      - no-store, no-cache, must-revalidate
      Expires:
      - Thu, 19 Nov 1981 08:52:00 GMT
      Pragma:
      - no-cache
      X-Envoy-Upstream-Service-Time:
      - '185'
      X-Request-Id:
      - fc9053a3-fcde-4cbb-bba5-622a80002af7
      Cf-Cache-Status:
      - DYNAMIC
      Expect-Ct:
      - max-age=604800, report-uri="https://report-uri.cloudflare.com/cdn-cgi/beacon/expect-ct"
      Server:
      - cloudflare
      Cf-Ray:
      - 597f9ffa1da12d87-TXL
      Cf-Request-Id:
      - 02e3a2505300002d87bb920200000001
    body:
      encoding: UTF-8
      string: '{"dealStages":[{"group":"14","title":"To Contact","color":"18D499","order":"1","width":"280","dealOrder":"next-action
        DESC","cardRegion1":"title","cardRegion2":"next-action","cardRegion3":"show-avatar","cardRegion4":"contact-fullname-acctname","cardRegion5":"value","cdate":null,"udate":null,"links":{"group":"https:\/\/mhenrixonconsulting1570091019.api-us1.com\/api\/3\/dealStages\/40\/group"},"id":"40"},{"group":"14","title":"In
        Contact","color":"32B0FC","order":"2","width":"280","dealOrder":"next-action
        DESC","cardRegion1":"title","cardRegion2":"next-action","cardRegion3":"show-avatar","cardRegion4":"contact-fullname-acctname","cardRegion5":"value","cdate":null,"udate":null,"links":{"group":"https:\/\/mhenrixonconsulting1570091019.api-us1.com\/api\/3\/dealStages\/41\/group"},"id":"41"},{"group":"14","title":"Follow
        Up","color":"E6CE4B","order":"3","width":"280","dealOrder":"next-action DESC","cardRegion1":"title","cardRegion2":"next-action","cardRegion3":"show-avatar","cardRegion4":"contact-fullname-acctname","cardRegion5":"value","cdate":null,"udate":null,"links":{"group":"https:\/\/mhenrixonconsulting1570091019.api-us1.com\/api\/3\/dealStages\/42\/group"},"id":"42"}],"dealGroupUsers":[{"dealGroup":"14","user":"32","cdate":null,"links":{"dealGroup":"https:\/\/mhenrixonconsulting1570091019.api-us1.com\/api\/3\/dealGroupUsers\/28\/dealGroup","user":"https:\/\/mhenrixonconsulting1570091019.api-us1.com\/api\/3\/dealGroupUsers\/28\/user"},"id":"28"}],"dealGroupGroups":[{"d_groupid":"14","groupid":"58","cdate":null,"links":{"dealGroup":"https:\/\/mhenrixonconsulting1570091019.api-us1.com\/api\/3\/dealGroupGroups\/14\/dealGroup","group":"https:\/\/mhenrixonconsulting1570091019.api-us1.com\/api\/3\/dealGroupGroups\/14\/group"},"id":"14","dealGroup":"14","group":"58"}],"dealGroup":{"title":"Bogus
        Pipeline","currency":"eur","allgroups":1,"allusers":1,"autoassign":1,"cdate":"2020-05-23T09:56:40-05:00","udate":"2020-05-23T09:56:40-05:00","links":{"stages":"https:\/\/mhenrixonconsulting1570091019.api-us1.com\/api\/3\/dealGroups\/14\/stages","dealGroupUsers":"https:\/\/mhenrixonconsulting1570091019.api-us1.com\/api\/3\/dealGroups\/14\/dealGroupUsers","dealGroupGroups":"https:\/\/mhenrixonconsulting1570091019.api-us1.com\/api\/3\/dealGroups\/14\/dealGroupGroups","winProbabilityFeatures":"https:\/\/mhenrixonconsulting1570091019.api-us1.com\/api\/3\/dealGroups\/14\/winProbabilityFeatures"},"stages":["40","41","42"],"dealGroupUsers":["28"],"dealGroupGroups":["14"],"id":"14"}}'
    http_version: null
  recorded_at: Sat, 23 May 2020 14:56:40 GMT
- request:
    method: post
    uri: "<API_ENDPOINT>/contacts"
    body:
      encoding: UTF-8
      string: '{"contact":{"email":"mikael@mhenrixon.com","firstName":"Mikael","lastName":"Henriksson","phone":"+491735728523"}}'
    headers:
      User-Agent:
      - ActiveCampaign Ruby Client (v3.0.0)
      Accept:
      - application/json
      Content-Type:
      - application/json
      Api-Token:
      - "<API_KEY>"
      Accept-Encoding:
      - gzip;q=1.0,deflate;q=0.6,identity;q=0.3
  response:
    status:
      code: 201
      message: Created
    headers:
      Date:
      - Sat, 23 May 2020 14:56:40 GMT
      Content-Type:
      - application/json
      Content-Length:
      - '2152'
      Connection:
      - keep-alive
      Set-Cookie:
      - PHPSESSID=8a2a752e9c4f4645810633e793687cb4; path=/; HttpOnly
      - __cfduid=da9b1d7ea5bc773b7fde7392f609075db1590245800; expires=Mon, 22-Jun-20
        14:56:40 GMT; path=/; domain=.api-us1.com; HttpOnly; SameSite=Lax
      - em_acp_globalauth_cookie=ce6a69dc-97a3-4c41-88a9-6e62a2e31922; path=/; domain=.mhenrixonconsulting1570091019.api-us1.com;
        secure; httponly
      - em_acp_globalauth_cookie=deleted; expires=Thu, 01-Jan-1970 00:00:01 GMT; Max-Age=0;
        path=/; domain=.mhenrixonconsulting1570091019.api-us1.com
      - em_acp_globalauth_cookie=deleted; expires=Thu, 01-Jan-1970 00:00:01 GMT; Max-Age=0;
        path=/; domain=.mhenrixonconsulting1570091019.api-us1.com
      Access-Control-Allow-Headers:
      - Content-Type, origin, x-requested-with
      Access-Control-Allow-Methods:
      - POST, GET
      Access-Control-Allow-Origin:
      - "*"
      Cache-Control:
      - no-store, no-cache, must-revalidate
      Expires:
      - Thu, 19 Nov 1981 08:52:00 GMT
      Pragma:
      - no-cache
      X-Content-Type-Options:
      - nosniff
      X-Envoy-Upstream-Service-Time:
      - '180'
      X-Request-Id:
      - 9d8257a9-95e2-43e0-af18-aea4c9df5070
      Cf-Cache-Status:
      - DYNAMIC
      Expect-Ct:
      - max-age=604800, report-uri="https://report-uri.cloudflare.com/cdn-cgi/beacon/expect-ct"
      Server:
      - cloudflare
      Cf-Ray:
      - 597f9ffd9fdb2d93-TXL
      Cf-Request-Id:
      - 02e3a2528200002d93a3908200000001
    body:
      encoding: UTF-8
      string: '{"contact":{"email":"mikael@mhenrixon.com","phone":"+491735728523","firstName":"Mikael","lastName":"Henriksson","cdate":"2020-05-23T09:56:40-05:00","udate":"2020-05-23T09:56:40-05:00","orgid":"","orgname":"","links":{"bounceLogs":"https:\/\/mhenrixonconsulting1570091019.api-us1.com\/api\/3\/contacts\/61\/bounceLogs","contactAutomations":"https:\/\/mhenrixonconsulting1570091019.api-us1.com\/api\/3\/contacts\/61\/contactAutomations?limit=1000&orders%5Blastdate%5D=DESC","contactData":"https:\/\/mhenrixonconsulting1570091019.api-us1.com\/api\/3\/contacts\/61\/contactData","contactGoals":"https:\/\/mhenrixonconsulting1570091019.api-us1.com\/api\/3\/contacts\/61\/contactGoals","contactLists":"https:\/\/mhenrixonconsulting1570091019.api-us1.com\/api\/3\/contacts\/61\/contactLists","contactLogs":"https:\/\/mhenrixonconsulting1570091019.api-us1.com\/api\/3\/contacts\/61\/contactLogs","contactTags":"https:\/\/mhenrixonconsulting1570091019.api-us1.com\/api\/3\/contacts\/61\/contactTags","contactDeals":"https:\/\/mhenrixonconsulting1570091019.api-us1.com\/api\/3\/contacts\/61\/contactDeals","deals":"https:\/\/mhenrixonconsulting1570091019.api-us1.com\/api\/3\/contacts\/61\/deals","fieldValues":"https:\/\/mhenrixonconsulting1570091019.api-us1.com\/api\/3\/contacts\/61\/fieldValues","geoIps":"https:\/\/mhenrixonconsulting1570091019.api-us1.com\/api\/3\/contacts\/61\/geoIps","notes":"https:\/\/mhenrixonconsulting1570091019.api-us1.com\/api\/3\/contacts\/61\/notes","organization":"https:\/\/mhenrixonconsulting1570091019.api-us1.com\/api\/3\/contacts\/61\/organization","plusAppend":"https:\/\/mhenrixonconsulting1570091019.api-us1.com\/api\/3\/contacts\/61\/plusAppend","trackingLogs":"https:\/\/mhenrixonconsulting1570091019.api-us1.com\/api\/3\/contacts\/61\/trackingLogs","scoreValues":"https:\/\/mhenrixonconsulting1570091019.api-us1.com\/api\/3\/contacts\/61\/scoreValues","accountContacts":"https:\/\/mhenrixonconsulting1570091019.api-us1.com\/api\/3\/contacts\/61\/accountContacts","automationEntryCounts":"https:\/\/mhenrixonconsulting1570091019.api-us1.com\/api\/3\/contacts\/61\/automationEntryCounts"},"id":"61","organization":""}}'
    http_version: null
  recorded_at: Sat, 23 May 2020 14:56:40 GMT
- request:
    method: post
    uri: "<API_ENDPOINT>/deals"
    body:
      encoding: UTF-8
      string: '{"deal":{"name":"Bogus Deal","dealUrl":"https://www.mhenrixon.com/bogus","title":"Bogus
        Deal","description":"This deal is completely bogus","deal":"bogus-deal","contact":"61","value":156.24,"currency":"eur","group":"14","stage":null,"owner":"32","percent":50,"status":0}}'
    headers:
      User-Agent:
      - ActiveCampaign Ruby Client (v3.0.0)
      Accept:
      - application/json
      Content-Type:
      - application/json
      Api-Token:
      - "<API_KEY>"
      Accept-Encoding:
      - gzip;q=1.0,deflate;q=0.6,identity;q=0.3
  response:
    status:
      code: 201
      message: Created
    headers:
      Date:
      - Sat, 23 May 2020 14:56:41 GMT
      Content-Type:
      - application/json
      Content-Length:
      - '5592'
      Connection:
      - keep-alive
      Set-Cookie:
      - PHPSESSID=6871f4f5016d1408a1f07acfc0d45a78; path=/; HttpOnly
      - __cfduid=d6f761bb9834614c7c91a480c17296dd41590245801; expires=Mon, 22-Jun-20
        14:56:41 GMT; path=/; domain=.api-us1.com; HttpOnly; SameSite=Lax
      - em_acp_globalauth_cookie=d9a02486-0ca3-4a43-975a-8bdee8568f10; path=/; domain=.mhenrixonconsulting1570091019.api-us1.com;
        secure; httponly
      - em_acp_globalauth_cookie=deleted; expires=Thu, 01-Jan-1970 00:00:01 GMT; Max-Age=0;
        path=/; domain=.mhenrixonconsulting1570091019.api-us1.com
      - em_acp_globalauth_cookie=deleted; expires=Thu, 01-Jan-1970 00:00:01 GMT; Max-Age=0;
        path=/; domain=.mhenrixonconsulting1570091019.api-us1.com
      Cache-Control:
      - no-store, no-cache, must-revalidate
      Expires:
      - Thu, 19 Nov 1981 08:52:00 GMT
      Pragma:
      - no-cache
      X-Envoy-Upstream-Service-Time:
      - '204'
      X-Request-Id:
      - 62181bdf-8403-4d72-a227-9bb11d69188d
      Cf-Cache-Status:
      - DYNAMIC
      Expect-Ct:
      - max-age=604800, report-uri="https://report-uri.cloudflare.com/cdn-cgi/beacon/expect-ct"
      Server:
      - cloudflare
      Cf-Ray:
      - 597fa000ec022d33-TXL
      Cf-Request-Id:
      - 02e3a2549200002d33ba1df200000001
    body:
      encoding: UTF-8
      string: '{"contacts":[{"cdate":"2020-05-23T09:56:40-05:00","email":"mikael@mhenrixon.com","phone":"+491735728523","firstName":"Mikael","lastName":"Henriksson","orgid":"0","orgname":"","segmentio_id":"","bounced_hard":"0","bounced_soft":"0","bounced_date":null,"ip":"0","ua":null,"hash":"a3e192b912d29a8b8f96f8ecf025a47f","socialdata_lastcheck":null,"email_local":"","email_domain":"","sentcnt":"0","rating_tstamp":null,"gravatar":"0","deleted":"0","anonymized":"0","adate":null,"udate":"2020-05-23T09:56:40-05:00","edate":null,"deleted_at":null,"created_utc_timestamp":"2020-05-23
        09:56:40","updated_utc_timestamp":"2020-05-23 09:56:40","created_timestamp":"2020-05-23
        09:56:40","updated_timestamp":"2020-05-23 09:56:40","created_by":null,"updated_by":null,"links":{"bounceLogs":"https:\/\/mhenrixonconsulting1570091019.api-us1.com\/api\/3\/contacts\/61\/bounceLogs","contactAutomations":"https:\/\/mhenrixonconsulting1570091019.api-us1.com\/api\/3\/contacts\/61\/contactAutomations?limit=1000&orders%5Blastdate%5D=DESC","contactData":"https:\/\/mhenrixonconsulting1570091019.api-us1.com\/api\/3\/contacts\/61\/contactData","contactGoals":"https:\/\/mhenrixonconsulting1570091019.api-us1.com\/api\/3\/contacts\/61\/contactGoals","contactLists":"https:\/\/mhenrixonconsulting1570091019.api-us1.com\/api\/3\/contacts\/61\/contactLists","contactLogs":"https:\/\/mhenrixonconsulting1570091019.api-us1.com\/api\/3\/contacts\/61\/contactLogs","contactTags":"https:\/\/mhenrixonconsulting1570091019.api-us1.com\/api\/3\/contacts\/61\/contactTags","contactDeals":"https:\/\/mhenrixonconsulting1570091019.api-us1.com\/api\/3\/contacts\/61\/contactDeals","deals":"https:\/\/mhenrixonconsulting1570091019.api-us1.com\/api\/3\/contacts\/61\/deals","fieldValues":"https:\/\/mhenrixonconsulting1570091019.api-us1.com\/api\/3\/contacts\/61\/fieldValues","geoIps":"https:\/\/mhenrixonconsulting1570091019.api-us1.com\/api\/3\/contacts\/61\/geoIps","notes":"https:\/\/mhenrixonconsulting1570091019.api-us1.com\/api\/3\/contacts\/61\/notes","organization":"https:\/\/mhenrixonconsulting1570091019.api-us1.com\/api\/3\/contacts\/61\/organization","plusAppend":"https:\/\/mhenrixonconsulting1570091019.api-us1.com\/api\/3\/contacts\/61\/plusAppend","trackingLogs":"https:\/\/mhenrixonconsulting1570091019.api-us1.com\/api\/3\/contacts\/61\/trackingLogs","scoreValues":"https:\/\/mhenrixonconsulting1570091019.api-us1.com\/api\/3\/contacts\/61\/scoreValues","accountContacts":"https:\/\/mhenrixonconsulting1570091019.api-us1.com\/api\/3\/contacts\/61\/accountContacts","automationEntryCounts":"https:\/\/mhenrixonconsulting1570091019.api-us1.com\/api\/3\/contacts\/61\/automationEntryCounts"},"id":"61","organization":null}],"dealGroups":[{"title":"Bogus
        Pipeline","currency":"eur","autoassign":"1","allusers":"1","allgroups":"1","win_probability_initialize_date":null,"cdate":"2020-05-23T09:56:40-05:00","udate":"2020-05-23T09:56:40-05:00","links":{"stages":"https:\/\/mhenrixonconsulting1570091019.api-us1.com\/api\/3\/dealGroups\/14\/stages","dealGroupUsers":"https:\/\/mhenrixonconsulting1570091019.api-us1.com\/api\/3\/dealGroups\/14\/dealGroupUsers","dealGroupGroups":"https:\/\/mhenrixonconsulting1570091019.api-us1.com\/api\/3\/dealGroups\/14\/dealGroupGroups","winProbabilityFeatures":"https:\/\/mhenrixonconsulting1570091019.api-us1.com\/api\/3\/dealGroups\/14\/winProbabilityFeatures"},"id":"14"}],"dealStages":[{"group":"14","title":"To
        Contact","color":"18D499","order":"1","width":"280","dealOrder":"next-action
        DESC","cardRegion1":"title","cardRegion2":"next-action","cardRegion3":"show-avatar","cardRegion4":"contact-fullname-acctname","cardRegion5":"value","cdate":null,"udate":null,"links":{"group":"https:\/\/mhenrixonconsulting1570091019.api-us1.com\/api\/3\/dealStages\/40\/group"},"id":"40"}],"deal":{"title":"Bogus
        Deal","description":"This deal is completely bogus","value":156.240000000000009094947017729282379150390625,"currency":"eur","percent":50,"status":0,"contact":"61","group":"14","stage":40,"owner":"32","cdate":"2020-05-23T09:56:41-05:00","mdate":"2020-05-23T09:56:41-05:00","organization":"","nextdate":null,"hash":"37eda802","winProbability":null,"winProbabilityMdate":null,"links":{"dealActivities":"https:\/\/mhenrixonconsulting1570091019.api-us1.com\/api\/3\/deals\/3\/dealActivities","contact":"https:\/\/mhenrixonconsulting1570091019.api-us1.com\/api\/3\/deals\/3\/contact","contactDeals":"https:\/\/mhenrixonconsulting1570091019.api-us1.com\/api\/3\/deals\/3\/contactDeals","group":"https:\/\/mhenrixonconsulting1570091019.api-us1.com\/api\/3\/deals\/3\/group","nextTask":"https:\/\/mhenrixonconsulting1570091019.api-us1.com\/api\/3\/deals\/3\/nextTask","notes":"https:\/\/mhenrixonconsulting1570091019.api-us1.com\/api\/3\/deals\/3\/notes","account":"https:\/\/mhenrixonconsulting1570091019.api-us1.com\/api\/3\/deals\/3\/account","customerAccount":"https:\/\/mhenrixonconsulting1570091019.api-us1.com\/api\/3\/deals\/3\/customerAccount","organization":"https:\/\/mhenrixonconsulting1570091019.api-us1.com\/api\/3\/deals\/3\/organization","owner":"https:\/\/mhenrixonconsulting1570091019.api-us1.com\/api\/3\/deals\/3\/owner","scoreValues":"https:\/\/mhenrixonconsulting1570091019.api-us1.com\/api\/3\/deals\/3\/scoreValues","stage":"https:\/\/mhenrixonconsulting1570091019.api-us1.com\/api\/3\/deals\/3\/stage","tasks":"https:\/\/mhenrixonconsulting1570091019.api-us1.com\/api\/3\/deals\/3\/tasks","dealCustomFieldData":"https:\/\/mhenrixonconsulting1570091019.api-us1.com\/api\/3\/deals\/3\/dealCustomFieldData"},"id":"3","isDisabled":false,"account":"","customerAccount":""}}'
    http_version: null
  recorded_at: Sat, 23 May 2020 14:56:41 GMT
- request:
    method: get
    uri: "<API_ENDPOINT>/deals/3"
    body:
      encoding: US-ASCII
      string: ''
    headers:
      User-Agent:
      - ActiveCampaign Ruby Client (v3.0.0)
      Accept:
      - application/json
      Content-Type:
      - application/json
      Api-Token:
      - "<API_KEY>"
      Accept-Encoding:
      - gzip;q=1.0,deflate;q=0.6,identity;q=0.3
  response:
    status:
      code: 200
      message: OK
    headers:
      Date:
      - Sat, 23 May 2020 14:56:41 GMT
      Content-Type:
      - application/json
      Transfer-Encoding:
      - chunked
      Connection:
      - keep-alive
      Set-Cookie:
      - PHPSESSID=8d7b4baa9823aadd8b1900fb76f3cbdf; path=/; HttpOnly
      - __cfduid=dad0e8066eed2a7f797140923e3b1bd3a1590245801; expires=Mon, 22-Jun-20
        14:56:41 GMT; path=/; domain=.api-us1.com; HttpOnly; SameSite=Lax
      - em_acp_globalauth_cookie=31846822-7990-473d-b10d-17ab60e33378; path=/; domain=.mhenrixonconsulting1570091019.api-us1.com;
        secure; httponly
      - em_acp_globalauth_cookie=deleted; expires=Thu, 01-Jan-1970 00:00:01 GMT; Max-Age=0;
        path=/; domain=.mhenrixonconsulting1570091019.api-us1.com
      - em_acp_globalauth_cookie=deleted; expires=Thu, 01-Jan-1970 00:00:01 GMT; Max-Age=0;
        path=/; domain=.mhenrixonconsulting1570091019.api-us1.com
      Cache-Control:
      - no-store, no-cache, must-revalidate
      Expires:
      - Thu, 19 Nov 1981 08:52:00 GMT
      Pragma:
      - no-cache
      X-Envoy-Upstream-Service-Time:
      - '79'
      X-Request-Id:
      - 7d551cf6-9993-4b7e-ab4a-0a7c269a4687
      Cf-Cache-Status:
      - DYNAMIC
      Expect-Ct:
      - max-age=604800, report-uri="https://report-uri.cloudflare.com/cdn-cgi/beacon/expect-ct"
      Server:
      - cloudflare
      Cf-Ray:
      - 597fa003b9fb2d87-TXL
      Cf-Request-Id:
      - 02e3a2565400002d87b584b200000001
    body:
      encoding: ASCII-8BIT
      string: '{"deal":{"hash":"37eda802","owner":"32","contact":"61","organization":null,"group":"14","stage":"40","title":"Bogus
        Deal","description":"This deal is completely bogus","percent":"50","cdate":"2020-05-23T09:56:41-05:00","mdate":"2020-05-23T09:56:41-05:00","nextdate":null,"nexttaskid":null,"value":"156","currency":"eur","winProbability":null,"winProbabilityMdate":null,"status":"0","activitycount":"1","nextdealid":"3","edate":null,"links":{"dealActivities":"https:\/\/mhenrixonconsulting1570091019.api-us1.com\/api\/3\/deals\/3\/dealActivities","contact":"https:\/\/mhenrixonconsulting1570091019.api-us1.com\/api\/3\/deals\/3\/contact","contactDeals":"https:\/\/mhenrixonconsulting1570091019.api-us1.com\/api\/3\/deals\/3\/contactDeals","group":"https:\/\/mhenrixonconsulting1570091019.api-us1.com\/api\/3\/deals\/3\/group","nextTask":"https:\/\/mhenrixonconsulting1570091019.api-us1.com\/api\/3\/deals\/3\/nextTask","notes":"https:\/\/mhenrixonconsulting1570091019.api-us1.com\/api\/3\/deals\/3\/notes","account":"https:\/\/mhenrixonconsulting1570091019.api-us1.com\/api\/3\/deals\/3\/account","customerAccount":"https:\/\/mhenrixonconsulting1570091019.api-us1.com\/api\/3\/deals\/3\/customerAccount","organization":"https:\/\/mhenrixonconsulting1570091019.api-us1.com\/api\/3\/deals\/3\/organization","owner":"https:\/\/mhenrixonconsulting1570091019.api-us1.com\/api\/3\/deals\/3\/owner","scoreValues":"https:\/\/mhenrixonconsulting1570091019.api-us1.com\/api\/3\/deals\/3\/scoreValues","stage":"https:\/\/mhenrixonconsulting1570091019.api-us1.com\/api\/3\/deals\/3\/stage","tasks":"https:\/\/mhenrixonconsulting1570091019.api-us1.com\/api\/3\/deals\/3\/tasks","dealCustomFieldData":"https:\/\/mhenrixonconsulting1570091019.api-us1.com\/api\/3\/deals\/3\/dealCustomFieldData"},"id":"3","isDisabled":false,"account":null,"customerAccount":null}}'
    http_version: null
  recorded_at: Sat, 23 May 2020 14:56:41 GMT
- request:
    method: delete
    uri: "<API_ENDPOINT>/deals/3"
    body:
      encoding: US-ASCII
      string: ''
    headers:
      User-Agent:
      - ActiveCampaign Ruby Client (v3.0.0)
      Accept:
      - application/json
      Content-Type:
      - application/json
      Api-Token:
      - "<API_KEY>"
      Accept-Encoding:
      - gzip;q=1.0,deflate;q=0.6,identity;q=0.3
  response:
    status:
      code: 200
      message: OK
    headers:
      Date:
      - Sat, 23 May 2020 14:56:42 GMT
      Content-Type:
      - application/json
      Content-Length:
      - '2'
      Connection:
      - keep-alive
      Set-Cookie:
      - PHPSESSID=96c52be1c472f7bbcc929a564fd21900; path=/; HttpOnly
      - __cfduid=d8b48f91c6e10ec1aa904fa62dae358c81590245801; expires=Mon, 22-Jun-20
        14:56:41 GMT; path=/; domain=.api-us1.com; HttpOnly; SameSite=Lax
      - em_acp_globalauth_cookie=deleted; expires=Thu, 01-Jan-1970 00:00:01 GMT; Max-Age=0;
        path=/; domain=.mhenrixonconsulting1570091019.api-us1.com
      - em_acp_globalauth_cookie=deleted; expires=Thu, 01-Jan-1970 00:00:01 GMT; Max-Age=0;
        path=/; domain=.mhenrixonconsulting1570091019.api-us1.com
      - em_acp_globalauth_cookie=e4dafe36-f7d7-4c37-9a2a-979e6e2d5f7d; path=/; domain=.mhenrixonconsulting1570091019.api-us1.com;
        secure; httponly
      Cache-Control:
      - no-store, no-cache, must-revalidate
      Expires:
      - Thu, 19 Nov 1981 08:52:00 GMT
      Pragma:
      - no-cache
      X-Envoy-Upstream-Service-Time:
      - '145'
      X-Request-Id:
      - 94385be3-f3e7-4433-b99b-c272923187f5
      Accept-Ranges:
      - bytes
      Cf-Cache-Status:
      - DYNAMIC
      Expect-Ct:
      - max-age=604800, report-uri="https://report-uri.cloudflare.com/cdn-cgi/beacon/expect-ct"
      Server:
      - cloudflare
      Cf-Ray:
      - 597fa005aa54d125-TXL
      Cf-Request-Id:
      - 02e3a257890000d125eca62200000001
    body:
      encoding: UTF-8
      string: "{}"
    http_version: null
  recorded_at: Sat, 23 May 2020 14:56:42 GMT
- request:
    method: delete
    uri: "<API_ENDPOINT>/contacts/61"
    body:
      encoding: US-ASCII
      string: ''
    headers:
      User-Agent:
      - ActiveCampaign Ruby Client (v3.0.0)
      Accept:
      - application/json
      Content-Type:
      - application/json
      Api-Token:
      - "<API_KEY>"
      Accept-Encoding:
      - gzip;q=1.0,deflate;q=0.6,identity;q=0.3
  response:
    status:
      code: 200
      message: OK
    headers:
      Date:
      - Sat, 23 May 2020 14:56:42 GMT
      Content-Type:
      - application/json
      Content-Length:
      - '2'
      Connection:
      - keep-alive
      Set-Cookie:
      - PHPSESSID=3cfcac9ce34ec54b347e76370600a50d; path=/; HttpOnly
      - __cfduid=de3ac96d43bc27a37f520f8d851f15af81590245802; expires=Mon, 22-Jun-20
        14:56:42 GMT; path=/; domain=.api-us1.com; HttpOnly; SameSite=Lax
      - em_acp_globalauth_cookie=a7f644b7-9b58-4994-b08b-0f72bbf69ec4; path=/; domain=.mhenrixonconsulting1570091019.api-us1.com;
        secure; httponly
      - em_acp_globalauth_cookie=deleted; expires=Thu, 01-Jan-1970 00:00:01 GMT; Max-Age=0;
        path=/; domain=.mhenrixonconsulting1570091019.api-us1.com
      - em_acp_globalauth_cookie=deleted; expires=Thu, 01-Jan-1970 00:00:01 GMT; Max-Age=0;
        path=/; domain=.mhenrixonconsulting1570091019.api-us1.com
      Cache-Control:
      - no-store, no-cache, must-revalidate
      Expires:
      - Thu, 19 Nov 1981 08:52:00 GMT
      Pragma:
      - no-cache
      X-Envoy-Upstream-Service-Time:
      - '142'
      X-Request-Id:
      - e9229882-2d83-4445-8181-98a4ceee8e79
      Accept-Ranges:
      - bytes
      Cf-Cache-Status:
      - DYNAMIC
      Expect-Ct:
      - max-age=604800, report-uri="https://report-uri.cloudflare.com/cdn-cgi/beacon/expect-ct"
      Server:
      - cloudflare
      Cf-Ray:
      - 597fa0087e792d5d-TXL
      Cf-Request-Id:
      - 02e3a2594b00002d5de88c1200000001
    body:
      encoding: UTF-8
      string: "{}"
    http_version: null
  recorded_at: Sat, 23 May 2020 14:56:42 GMT
- request:
    method: delete
    uri: "<API_ENDPOINT>/dealGroups/14"
    body:
      encoding: US-ASCII
      string: ''
    headers:
      User-Agent:
      - ActiveCampaign Ruby Client (v3.0.0)
      Accept:
      - application/json
      Content-Type:
      - application/json
      Api-Token:
      - "<API_KEY>"
      Accept-Encoding:
      - gzip;q=1.0,deflate;q=0.6,identity;q=0.3
  response:
    status:
      code: 200
      message: OK
    headers:
      Date:
      - Sat, 23 May 2020 14:56:42 GMT
      Content-Type:
      - application/json
      Content-Length:
      - '2'
      Connection:
      - keep-alive
      Set-Cookie:
      - PHPSESSID=356b051cfcd4168deacd626311cc87f2; path=/; HttpOnly
      - __cfduid=d233daafc21a1e333d2c89832a51775881590245802; expires=Mon, 22-Jun-20
        14:56:42 GMT; path=/; domain=.api-us1.com; HttpOnly; SameSite=Lax
      - em_acp_globalauth_cookie=deleted; expires=Thu, 01-Jan-1970 00:00:01 GMT; Max-Age=0;
        path=/; domain=.mhenrixonconsulting1570091019.api-us1.com
      - em_acp_globalauth_cookie=deleted; expires=Thu, 01-Jan-1970 00:00:01 GMT; Max-Age=0;
        path=/; domain=.mhenrixonconsulting1570091019.api-us1.com
      - em_acp_globalauth_cookie=f5e53f75-4d15-430a-a030-adee78c793e5; path=/; domain=.mhenrixonconsulting1570091019.api-us1.com;
        secure; httponly
      Cache-Control:
      - no-store, no-cache, must-revalidate
      Expires:
      - Thu, 19 Nov 1981 08:52:00 GMT
      Pragma:
      - no-cache
      X-Envoy-Upstream-Service-Time:
      - '93'
      X-Request-Id:
      - 3e91fa80-f1d2-44d8-93d1-8eec17427efb
      Accept-Ranges:
      - bytes
      Cf-Cache-Status:
      - DYNAMIC
      Expect-Ct:
      - max-age=604800, report-uri="https://report-uri.cloudflare.com/cdn-cgi/beacon/expect-ct"
      Server:
      - cloudflare
      Cf-Ray:
      - 597fa00acdaed10d-TXL
      Cf-Request-Id:
      - 02e3a25aba0000d10d44959200000001
    body:
      encoding: UTF-8
      string: "{}"
    http_version: null
  recorded_at: Sat, 23 May 2020 14:56:42 GMT
- request:
    method: delete
    uri: "<API_ENDPOINT>/users/32"
    body:
      encoding: US-ASCII
      string: ''
    headers:
      User-Agent:
      - ActiveCampaign Ruby Client (v3.0.0)
      Accept:
      - application/json
      Content-Type:
      - application/json
      Api-Token:
      - "<API_KEY>"
      Accept-Encoding:
      - gzip;q=1.0,deflate;q=0.6,identity;q=0.3
  response:
    status:
      code: 200
      message: OK
    headers:
      Date:
      - Sat, 23 May 2020 14:56:43 GMT
      Content-Type:
      - application/json
      Content-Length:
      - '2'
      Connection:
      - keep-alive
      Set-Cookie:
      - PHPSESSID=d5b90eeec53d4548f5ecac7301e3716f; path=/; HttpOnly
      - __cfduid=dbfdc87f69692fb61bc058935c2223b8e1590245803; expires=Mon, 22-Jun-20
        14:56:43 GMT; path=/; domain=.api-us1.com; HttpOnly; SameSite=Lax
      - em_acp_globalauth_cookie=087e0f52-1492-4d27-9832-c5178c8517c7; path=/; domain=.mhenrixonconsulting1570091019.api-us1.com;
        secure; httponly
      - em_acp_globalauth_cookie=deleted; expires=Thu, 01-Jan-1970 00:00:01 GMT; Max-Age=0;
        path=/; domain=.mhenrixonconsulting1570091019.api-us1.com
      - em_acp_globalauth_cookie=deleted; expires=Thu, 01-Jan-1970 00:00:01 GMT; Max-Age=0;
        path=/; domain=.mhenrixonconsulting1570091019.api-us1.com
      Cache-Control:
      - no-store, no-cache, must-revalidate
      Expires:
      - Thu, 19 Nov 1981 08:52:00 GMT
      Pragma:
      - no-cache
      X-Envoy-Upstream-Service-Time:
      - '256'
      X-Request-Id:
      - 0c64cdc7-aa7f-408a-aba2-2fd6ec8fc0ab
      Accept-Ranges:
      - bytes
      Cf-Cache-Status:
      - DYNAMIC
      Expect-Ct:
      - max-age=604800, report-uri="https://report-uri.cloudflare.com/cdn-cgi/beacon/expect-ct"
      Server:
      - cloudflare
      Cf-Ray:
      - 597fa00cd8e02d45-TXL
      Cf-Request-Id:
      - 02e3a25c0200002d450c139200000001
    body:
      encoding: UTF-8
      string: "{}"
    http_version: null
  recorded_at: Sat, 23 May 2020 14:56:43 GMT
- request:
    method: delete
    uri: "<API_ENDPOINT>/groups/58"
    body:
      encoding: US-ASCII
      string: ''
    headers:
      User-Agent:
      - ActiveCampaign Ruby Client (v3.0.0)
      Accept:
      - application/json
      Content-Type:
      - application/json
      Api-Token:
      - "<API_KEY>"
      Accept-Encoding:
      - gzip;q=1.0,deflate;q=0.6,identity;q=0.3
  response:
    status:
      code: 200
      message: OK
    headers:
      Date:
      - Sat, 23 May 2020 14:56:43 GMT
      Content-Type:
      - application/json
      Content-Length:
      - '2'
      Connection:
      - keep-alive
      Set-Cookie:
      - PHPSESSID=fbb95817e354db879c6c7d67a00c8e8f; path=/; HttpOnly
      - __cfduid=dccdff283801fecaa7993049f8973e91e1590245803; expires=Mon, 22-Jun-20
        14:56:43 GMT; path=/; domain=.api-us1.com; HttpOnly; SameSite=Lax
      - em_acp_globalauth_cookie=3e354e5e-e0ec-4317-bd80-fd8aa5647c60; path=/; domain=.mhenrixonconsulting1570091019.api-us1.com;
        secure; httponly
      - em_acp_globalauth_cookie=deleted; expires=Thu, 01-Jan-1970 00:00:01 GMT; Max-Age=0;
        path=/; domain=.mhenrixonconsulting1570091019.api-us1.com
      - em_acp_globalauth_cookie=deleted; expires=Thu, 01-Jan-1970 00:00:01 GMT; Max-Age=0;
        path=/; domain=.mhenrixonconsulting1570091019.api-us1.com
      Cache-Control:
      - no-store, no-cache, must-revalidate
      Expires:
      - Thu, 19 Nov 1981 08:52:00 GMT
      Pragma:
      - no-cache
      X-Envoy-Upstream-Service-Time:
      - '80'
      X-Request-Id:
      - bfca9683-65ff-4927-b97a-77b0e9442ef5
      Accept-Ranges:
      - bytes
      Cf-Cache-Status:
      - DYNAMIC
      Expect-Ct:
      - max-age=604800, report-uri="https://report-uri.cloudflare.com/cdn-cgi/beacon/expect-ct"
      Server:
      - cloudflare
      Cf-Ray:
      - 597fa0102e9ed0fd-TXL
      Cf-Request-Id:
      - 02e3a25e160000d0fd66a80200000001
    body:
      encoding: UTF-8
      string: "{}"
    http_version: null
  recorded_at: Sat, 23 May 2020 14:56:43 GMT
recorded_with: VCR 5.1.0
